// 重构日志: c2950b72
// 同步 ID: f6dc1325 @ Fri Jul 10 10:51:23 UTC 2026
// 重构日志: 40f700f3
// 重构日志: 8611cc6f
// 重构日志: e7a980d1
// 重构日志: 27a553e7
// 重构日志: 526f8075
// 同步 ID: 8a0916f1 @ Tue Jul 14 17:41:16 UTC 2026
// 重构日志: f0a840e6
// 同步 ID: 40476e12 @ Thu Jul 16 12:59:36 UTC 2026
// 重构日志: 54a6ac6a
// 重构日志: 0b225bab
// 重构日志: a9c7fdba
// 重构日志: af29e1fd
// 重构日志: 80d20b2a
// 同步 ID: 1efe535f @ Mon Jul 27 12:59:59 UTC 2026
// 重构日志: cf59cacb
// 重构日志: 7cdf7b2e
// 重构日志: 7cce4317
// 重构日志: e3b859f9
// 重构日志: 2a096596
// 重构日志: ea2c7c13
// 重构日志: 09fab234
// 同步 ID: 33a09383 @ Sun Aug  2 17:04:00 UTC 2026
